main                                                                                                                    PAGE 1
                         1     ;Anzeigetafel
                         2     ;Minuten und Sekunden anzeige für ein Fußballspiel (Port0)
                         3     ;Punkte Anzeige für jedes Team  (Port1)
                         4     ;
                         5     ;7Seg  ultiplexed über Port2:
                         6     ; Pin 0-1 für Sekunden
                         7     ; Pin 2-3 für Minuten
                         8     ; Pin 4-5 für rechtes Team
                         9     ; Pun 6-7 für linkes Team
                        10     ;
                        11     ;Funktionstasten (Port3; Pinbelegung wie aufgelistet):
                        12     ;Start Timer, Pause Timer, (opt. Reset Timer,) Punkte Links++, Punkte Rechts++, Punkte Links--, Punkt
                        13     ;Optional eine Hupe für ein erziehltes Tor
                        14
                        15
  0069                  16     Count2 Equ 69h  ;Counter 2  bis 195
  0068                  17     Count1 Equ 68h  ;Counter 1  bis 250
                        18
  0067                  19     MH Equ 67h
  0066                  20     ML Equ 66h      ;Minuten
  0065                  21     SH Equ 65h
  0064                  22     SL Equ 64h      ;Sekunden
                        23
  0063                  24     PLH Equ 63h
  0062                  25     PLL Equ 62h     ;Punkte Links
  0061                  26     PRH Equ 61h
  0060                  27     PRL Equ 60h     ;Punkt Rechts
                        28
                        29     ; Knöpfe
  00B0                  30     StartT Equ P3.0
  00B1                  31     PauseT Equ P3.1
  00B2                  32     PunkteLP Equ P3.2
  00B3                  33     PunkteRP Equ P3.3
  00B4                  34     PunkteLM Equ P3.4
  00B5                  35     PunkteRM Equ P3.5
  00B6                  36     ResetGame Equ P3.6
                        37
  0078                  38     sStartT Equ 2Fh.0
  0079                  39     sPauseT Equ 2Fh.1
  007A                  40     sPunkteLP Equ 2Fh.2
  007B                  41     sPunkteRP Equ 2Fh.3
  007C                  42     sPunkteLM Equ 2Fh.4
  007D                  43     sPunkteRM Equ 2Fh.5
  007E                  44     sResetGame Equ 2Fh.6
                        45
                        46
                        47
                        48     org 0h
0000 020030             49     ljmp init
                        50
                        51
                        52
                        53
                        54     ;########################################
                        55     ;       Timer 0 Interrupt
                        56     ;----------------------------------------
                        57     org 0Bh ;Timer 0 Interrupt
000B 0201C5             58     ljmp timerrutine
                        59
                        60
                        61
                        62
                        63
                        64
                        65
                        66     ;########################################
                        67     ;       INIT
                        68     ;----------------------------------------
                        69     org 30h         ;interrupts überspringen
                        70     init:
                        71     ;mov SP, #30h
                        72
                        73     ; H = High Bit, L = Low Bit
0030 756300             74     mov PLH, #00d
0033 756200             75     mov PLL, #00d
0036 756100             76     mov PRH, #00d
0039 756000             77     mov PRL, #00d
                        78
003C 756700             79     mov MH, #00d
003F 756600             80     mov ML, #00d
0042 756500             81     mov SH, #00d
0045 756400             82     mov SL, #00d
                        83
0048 756800             84     mov COUNT1, #00d
004B 756900             85     mov count2, #00d
                        86
004E D2AF               87     setb EA         ;Enable all Interrupts
0050 D2A9               88     setb ET0        ;Enable Timer Interrupt
0052 758902             89     mov TMOD, #00000010b    ;Enable 8 bit mod
                        90
0055 758A07             91     mov TL0, #07d   ;Laden des Timers mit 0 -> 250 Ticks bis überlauf -> 48000 rounds for 1sec
                        92     ;250 * 250 * 192 = 1sec
0058 758C07             93     mov TH0, #07d
                        94
                        95
                        96
                        97
                        98
005B 02005E             99     ljmp main
                       100     ;########################################
                       101
                       102
                       103
                       104
                       105
                       106     ;########################################
                       107     ;       Main loop
                       108     ;----------------------------------------
                       109     main:
005E 120182            110     call zeigeAlleSemente
                       111
                       112     ;Check button press
0061 20B002            113     JB StartT, noStartT
0064 D278              114     setb sStartT
                       115     noStartT:
0066 20B102            116     JB PauseT, noPauseT
0069 D279              117     setb sPauseT
                       118     noPauseT:
006B 20B202            119     JB PunkteLP, noPunkteLP
006E D27A              120     setb sPunkteLP
                       121     noPunkteLP:
0070 20B302            122     JB PunkteRP, noPunkteRP
0073 D27B              123     setb sPunkteRP
                       124     noPunkteRP:
0075 20B402            125     JB PunkteLM, noPunkteLM
0078 D27C              126     setb sPunkteLM
                       127     noPunkteLM:
007A 20B502            128     JB PunkteRM, noPunkteRM
007D D27D              129     setb sPunkteRM
                       130     noPunkteRM:
007F 20B602            131     JB ResetGame, noResetGame
0082 D27E              132     setb sResetGame
                       133     noResetGame:
                       134
                       135
                       136
                       137
                       138
0084 00                139     nop
                       140
                       141
                       142     ;checkbuttonPressed
0085 307807            143     JNB sStartT, notStartT
0088 30B004            144     JNB StartT, notStartT
                       145     ;StartT pressed
                       146
008B D28C              147     setb TR0        ;start timer
                       148
008D C278              149     clr sStartT
                       150     notStartT:
                       151
008F 307907            152     JNB sPauseT, notPauseT
0092 30B104            153     JNB PauseT, notPauseT
                       154     ;PauseT pressed
                       155
0095 C28C              156     clr TR0 ;stop timer
                       157
0097 C279              158     clr sPauseT
                       159     notPauseT:
                       160
0099 307A0C            161     JNB sPunkteLP, notPunkteLP
009C 30B209            162     JNB PunkteLP, notPunkteLP
                       163     ;PunkteLP pressed
                       164
009F 7862              165     mov R0, #062h           ;Links
00A1 7900              166     mov R1, #00d
00A3 120106            167     call countupPunkte
                       168
                       169
00A6 C27A              170     clr sPunkteLP
                       171     notPunkteLP:
                       172
00A8 307B0C            173     JNB sPunkteRP, notPunkteRP
00AB 30B309            174     JNB PunkteRP, notPunkteRP
                       175     ;PunkteRP pressed
                       176
00AE 7860              177     mov R0, #060h           ;Recht
00B0 7900              178     mov R1, #00d
00B2 120106            179     call countupPunkte
                       180
00B5 C27B              181     clr sPunkteRP
                       182     notPunkteRP:
                       183
00B7 307C0C            184     JNB sPunkteLM, notPunkteLM
00BA 30B409            185     JNB PunkteLM, notPunkteLM
                       186     ;PunkteLM pressed
                       187
00BD 7862              188     mov R0, #062h           ;Links
00BF 7901              189     mov R1, #01d
00C1 120106            190     call countupPunkte
                       191
00C4 C27C              192     clr sPunkteLM
                       193     notPunkteLM:
                       194
00C6 307D0C            195     JNB sPunkteRM, notPunkteRM
00C9 30B509            196     JNB PunkteRM, notPunkteRM
                       197     ;PunkteRM pressed
                       198
00CC 7860              199     mov R0, #060h           ;Recht
00CE 7901              200     mov R1, #01d
00D0 120106            201     call countupPunkte
                       202
00D3 C27D              203     clr sPunkteRM
                       204     notPunkteRM:
                       205
00D5 307E2B            206     JNB sResetGame, notResetGame
00D8 30B628            207     JNB ResetGame, notResetGame
                       208     ;ResetGame pressed
                       209
00DB 756300            210     mov PLH, #00d
00DE 756200            211     mov PLL, #00d
00E1 756100            212     mov PRH, #00d
00E4 756000            213     mov PRL, #00d
                       214
00E7 756700            215     mov MH, #00d
00EA 756600            216     mov ML, #00d
00ED 756500            217     mov SH, #00d
00F0 756400            218     mov SL, #00d
                       219
00F3 C28C              220     clr TR0 ;stop timer
                       221
00F5 758A07            222     mov TL0, #07d
00F8 758C07            223     mov TH0, #07d
00FB 756800            224     mov COUNT1, #00d
00FE 756900            225     mov count2, #00d
                       226
                       227
0101 C27E              228     clr sResetGame
                       229     notResetGame:
                       230
0103 02005E            231     ljmp main
                       232     ;########################################
                       233
                       234
                       235
                       236
                       237
                       238     ;########################################
                       239     ;       Count Up Punkte
                       240     ;       Zähle Punkte um 1 hoch oder 1 runter
                       241     ;       R0 steht für Pointer zu PRL oder PLL
                       242     ;       R1 steht für: 0 = hoch ; 1 = runter
                       243     ;----------------------------------------
                       244     countupPunkte:
0106 C000              245     push 00h
0108 C001              246     push 01h
010A B90013            247     cjne R1, #00d, runtercount
                       248     ;Count Hoch
010D 06                249     INC @R0
010E B60A1F            250     cjne @R0, #010d, fertigcountPunkte
0111 7600              251     mov @R0, #00d
0113 08                252     INC R0
0114 06                253     INC @R0
0115 B60A18            254     cjne @R0, #10d, fertigcountPunkte
0118 7600              255     mov @R0, #00d
011A 18                256     DEC R0
011B 7600              257     mov @R0, #00d
011D 020130            258     ljmp fertigcountPunkte
                       259
                       260
                       261     runtercount:
                       262     ;Count Runter
0120 16                263     DEC @R0
0121 B6FF0C            264     cjne @R0, #0FFh, fertigcountPunkte
0124 7609              265     mov @R0, #09d
0126 08                266     INC R0
0127 16                267     DEC @R0
0128 B6FF05            268     cjne @R0, #0FFh, fertigcountPunkte
012B 7609              269     mov @R0, #09d
012D 18                270     DEC R0
012E 7609              271     mov @R0, #09d
                       272
                       273
                       274     fertigcountPunkte:
0130 D001              275     pop 01h
0132 D000              276     pop 00h
0134 22                277     ret
                       278
                       279     ;########################################
                       280
                       281
                       282
                       283
                       284
                       285
                       286
                       287     ;########################################
                       288     ;       Count Up Time
                       289     ;       Zähle Zeit um 1 hoch
                       290     ;----------------------------------------
                       291     countup:
                       292     ;Prüfe ob 60Min. bereits erreicht ist
0135 E567              293     mov A, MH
0137 B40612            294     cjne A, #06d, notfertig
013A E566              295     mov A, ML
013C B4000D            296     cjne A, #00d, notfertig
013F E565              297     mov A, SH
0141 B40008            298     cjne A, #00d, notfertig
0144 E564              299     mov A, SL
0146 B40003            300     cjne A, #00d, notfertig
0149 020181            301     ljmp fertigcount                        ;60min bereits erreicht
                       302     notfertig:                      ;60min nicht erreicht
                       303     ;Sekunden Low ++
014C E564              304     mov A, SL
014E 04                305     INC A
014F B40A1B            306     cjne A, #010d, fertigSL
0152 756400            307     mov SL, #00d
0155 E565              308     mov A, SH
0157 04                309     INC A
0158 B40617            310     cjne A, #06d, fertigSH
015B 756500            311     mov SH, #00d
015E E566              312     mov A, ML
0160 04                313     INC A
0161 B40A13            314     cjne A, #10d, fertigML
0164 756600            315     mov ML, #00d
0167 E567              316     mov A, MH
0169 04                317     INC A
016A 02017C            318     ljmp fertigMH
                       319
                       320     fertigSL:
016D F564              321     mov SL, A
016F 020181            322     ljmp fertigcount
                       323     fertigSH:
0172 F565              324     mov SH, A
0174 020181            325     ljmp fertigcount
                       326     fertigML:
0177 F566              327     mov ML, A
0179 020181            328     ljmp fertigcount
                       329     fertigMH:
017C F567              330     mov MH, A
017E 020181            331     ljmp fertigcount
                       332     fertigcount:
0181 22                333     ret
                       334
                       335     ;########################################
                       336
                       337
                       338
                       339
                       340     ;########################################
                       341     ;       Anzeigen Loop
                       342     ;       Alle 7Sementanzeigen werden mit ihren Werten beladen
                       343     ;----------------------------------------
                       344     zeigeAlleSemente:
0182 C000              345     push 00h        ;Sichere R0
0184 C001              346     push 01h        ;Sichere R1
0186 C002              347     push 02h        ;Sichere R2
0188 7800              348     mov R0, #00d    ;aktuelles segment
018A 7900              349     mov R1, #00d    ;Pointer für wert von segment
                       350
018C 7401              351     mov A, #01d
018E F4                352     cpl A
018F FA                353     mov R2, A       ;selectiertes segment... wird rotiert
                       354
                       355     ;clear all 7segs
0190 75A000            356     mov P2, #00h
0193 7580FF            357     mov P0, #0FFh
0196 7590FF            358     mov P1, #0FFh
0199 75A0FF            359     mov P2, #0FFh
                       360
                       361     loopAlleSegmente:
019C B80807            362     CJNE R0, #08d, doFuerSegment     ;für alle 8 segmente
019F D002              363     pop 02h         ;Wiederherstellen von R2
01A1 D001              364     pop 01h         ;Wiederherstellen von R1
01A3 D000              365     pop 00h         ;Wiederherstellen von R0
01A5 22                366     ret
                       367
                       368     doFuerSegment:
                       369     ;       Lade Segment mit entsprechendem Wert
01A6 8AA0              370     mov p2, R2      ;aktivate segment mit P2
                       371
                       372
                       373
01A8 E8                374     mov A, R0       ;get wert für
                       375     ;60h start adresse für die Sement werte s.o.
01A9 2460              376     Add A, #060h    ;aktuelles Segment?
01AB F9                377     mov R1, A
01AC E7                378     mov A, @R1
                       379
01AD 900400            380     mov dptr, #numbers      ;hole richtigs 7Seg code
01B0 93                381     movc a,@a+dptr
01B1 F580              382     mov p0, a       ;gib 7seg code auf P0 aus
01B3 F590              383     mov p1, a       ;gib 7seg code auf P1 aus
                       384
01B5 75A0FF            385     mov p2, #0FFh   ;deaktivte 7Seg
01B8 7590FF            386     mov p1, #0FFh   ;deaktivte 7Seg
01BB 7580FF            387     mov p0, #0FFh   ;deaktivte 7Seg
                       388
                       389
                       390     ; Select nächstes Segment
01BE EA                391     mov A, R2
01BF 23                392     RL A
01C0 FA                393     mov R2, A
                       394
                       395     ;continue loop
01C1 08                396     Inc R0
                       397
01C2 02019C            398     ljmp loopAlleSegmente
                       399     ;########################################
                       400
                       401
                       402
                       403
                       404
                       405
                       406     ;########################################
                       407     ;       Timer 0 Interrupt Rutine
                       408     ;----------------------------------------
                       409
                       410      timerrutine:
                       411
                       412     ;timer * count1 * count2
                       413     ;250 * 250 * 192 = 1sec
                       414
                       415
                       416     ;1ms = 12000 ticks
                       417     ;250 * 48 = 1ms
01C5 0568              418     INC count1
01C7 E568              419     mov A, count1
                       420     ;cjne A, #250d, fertigtimer
                       421     ;cjne A, #48d, fertigtimer
01C9 B40205            422     cjne A, #02d, fertigtimer       ;fake ms for fake simulator
                       423
01CC 756800            424     mov count1, #00d
                       425
                       426     ;INC count2
                       427     ;mov A, count2
                       428     ;cjne A, #192d, fertigcount
                       429
                       430     ;mov count2, #00d
                       431
                       432
01CF 3135              433     call countup
                       434
                       435
                       436     fertigtimer:
                       437
01D1 32                438      reti
                       439
                       440
                       441
                       442
                       443
                       444
                       445     ;########################################
                       446     ;       DATA
                       447     ;----------------------------------------
                       448     org 400h
                       449     numbers:
0400 C0                450     db 11000000b
0401 F9A4B0            451     db 11111001b, 10100100b, 10110000b
0404 999282            452     db 10011001b, 10010010b, 10000010b
0407 F88090            453     db 11111000b, 10000000b, 10010000b
                       454
                       455     end
ASSEMBLY COMPLETE, NO ERRORS FOUND, NO WARNINGS


SYMBOL TABLE:
??MCU_8051_IDE . . . . . . . . . . .  N  NUMB  8051H  NOT USED
??VERSION. . . . . . . . . . . . . .  N  NUMB  0149H  NOT USED
AC . . . . . . . . . . . . . . . . .  B  ADDR  00D6H  NOT USED
ACC. . . . . . . . . . . . . . . . .  D  ADDR  00E0H  NOT USED
ACSR . . . . . . . . . . . . . . . .  D  ADDR  0097H  NOT USED
ADCF . . . . . . . . . . . . . . . .  D  ADDR  00F6H  NOT USED
ADCLK. . . . . . . . . . . . . . . .  D  ADDR  00F2H  NOT USED
ADCON. . . . . . . . . . . . . . . .  D  ADDR  00F3H  NOT USED
ADDH . . . . . . . . . . . . . . . .  D  ADDR  00F5H  NOT USED
ADDL . . . . . . . . . . . . . . . .  D  ADDR  00F4H  NOT USED
AUXR . . . . . . . . . . . . . . . .  D  ADDR  008EH  NOT USED
AUXR1. . . . . . . . . . . . . . . .  D  ADDR  00A2H  NOT USED
B. . . . . . . . . . . . . . . . . .  D  ADDR  00F0H  NOT USED
BDRCON . . . . . . . . . . . . . . .  D  ADDR  009BH  NOT USED
BDRCON_1 . . . . . . . . . . . . . .  D  ADDR  009CH  NOT USED
BRL. . . . . . . . . . . . . . . . .  D  ADDR  009AH  NOT USED
CCAP0H . . . . . . . . . . . . . . .  D  ADDR  00FAH  NOT USED
CCAP0L . . . . . . . . . . . . . . .  D  ADDR  00EAH  NOT USED
CCAP1H . . . . . . . . . . . . . . .  D  ADDR  00FBH  NOT USED
CCAP1L . . . . . . . . . . . . . . .  D  ADDR  00EBH  NOT USED
CCAP2H . . . . . . . . . . . . . . .  D  ADDR  00FCH  NOT USED
CCAP3H . . . . . . . . . . . . . . .  D  ADDR  00FDH  NOT USED
CCAP4H . . . . . . . . . . . . . . .  D  ADDR  00FEH  NOT USED
CCAPL2H. . . . . . . . . . . . . . .  D  ADDR  00FCH  NOT USED
CCAPL2L. . . . . . . . . . . . . . .  D  ADDR  00ECH  NOT USED
CCAPL3H. . . . . . . . . . . . . . .  D  ADDR  00FDH  NOT USED
CCAPL3L. . . . . . . . . . . . . . .  D  ADDR  00EDH  NOT USED
CCAPL4H. . . . . . . . . . . . . . .  D  ADDR  00FEH  NOT USED
CCAPL4L. . . . . . . . . . . . . . .  D  ADDR  00EEH  NOT USED
CCAPM0 . . . . . . . . . . . . . . .  D  ADDR  00DAH  NOT USED
CCAPM1 . . . . . . . . . . . . . . .  D  ADDR  00DBH  NOT USED
CCAPM2 . . . . . . . . . . . . . . .  D  ADDR  00DCH  NOT USED
CCAPM3 . . . . . . . . . . . . . . .  D  ADDR  00DDH  NOT USED
CCAPM4 . . . . . . . . . . . . . . .  D  ADDR  00DEH  NOT USED
CCF0 . . . . . . . . . . . . . . . .  B  ADDR  00D8H  NOT USED
CCF1 . . . . . . . . . . . . . . . .  B  ADDR  00D9H  NOT USED
CCF2 . . . . . . . . . . . . . . . .  B  ADDR  00DAH  NOT USED
CCF3 . . . . . . . . . . . . . . . .  B  ADDR  00DBH  NOT USED
CCF4 . . . . . . . . . . . . . . . .  B  ADDR  00DCH  NOT USED
CCON . . . . . . . . . . . . . . . .  D  ADDR  00D8H  NOT USED
CFINT. . . . . . . . . . . . . . . .  C  ADDR  0033H  NOT USED
CH . . . . . . . . . . . . . . . . .  D  ADDR  00F9H  NOT USED
CKCON. . . . . . . . . . . . . . . .  D  ADDR  008FH  NOT USED
CKCON0 . . . . . . . . . . . . . . .  D  ADDR  008FH  NOT USED
CKRL . . . . . . . . . . . . . . . .  D  ADDR  0097H  NOT USED
CKSEL. . . . . . . . . . . . . . . .  D  ADDR  0085H  NOT USED
CL . . . . . . . . . . . . . . . . .  D  ADDR  00E9H  NOT USED
CLKREG . . . . . . . . . . . . . . .  D  ADDR  008FH  NOT USED
CMOD . . . . . . . . . . . . . . . .  D  ADDR  00D9H  NOT USED
COUNT1 . . . . . . . . . . . . . . .  N  NUMB  0068H
COUNT2 . . . . . . . . . . . . . . .  N  NUMB  0069H
COUNTUP. . . . . . . . . . . . . . .  C  ADDR  0135H
COUNTUPPUNKTE. . . . . . . . . . . .  C  ADDR  0106H
CPRL2. . . . . . . . . . . . . . . .  B  ADDR  00C8H  NOT USED
CR . . . . . . . . . . . . . . . . .  B  ADDR  00DEH  NOT USED
CT2. . . . . . . . . . . . . . . . .  B  ADDR  00C9H  NOT USED
CY . . . . . . . . . . . . . . . . .  B  ADDR  00D7H  NOT USED
DOFUERSEGMENT. . . . . . . . . . . .  C  ADDR  01A6H
DP0H . . . . . . . . . . . . . . . .  D  ADDR  0083H  NOT USED
DP0L . . . . . . . . . . . . . . . .  D  ADDR  0082H  NOT USED
DP1H . . . . . . . . . . . . . . . .  D  ADDR  0085H  NOT USED
DP1L . . . . . . . . . . . . . . . .  D  ADDR  0084H  NOT USED
DPH. . . . . . . . . . . . . . . . .  D  ADDR  0083H  NOT USED
DPL. . . . . . . . . . . . . . . . .  D  ADDR  0082H  NOT USED
EA . . . . . . . . . . . . . . . . .  B  ADDR  00AFH
EC . . . . . . . . . . . . . . . . .  B  ADDR  00AEH  NOT USED
EECON. . . . . . . . . . . . . . . .  D  ADDR  0096H  NOT USED
ES . . . . . . . . . . . . . . . . .  B  ADDR  00ACH  NOT USED
ET0. . . . . . . . . . . . . . . . .  B  ADDR  00A9H
ET1. . . . . . . . . . . . . . . . .  B  ADDR  00ABH  NOT USED
ET2. . . . . . . . . . . . . . . . .  B  ADDR  00ADH  NOT USED
EX0. . . . . . . . . . . . . . . . .  B  ADDR  00A8H  NOT USED
EX1. . . . . . . . . . . . . . . . .  B  ADDR  00AAH  NOT USED
EXEN2. . . . . . . . . . . . . . . .  B  ADDR  00CBH  NOT USED
EXF2 . . . . . . . . . . . . . . . .  B  ADDR  00CEH  NOT USED
EXTI0. . . . . . . . . . . . . . . .  C  ADDR  0003H  NOT USED
EXTI1. . . . . . . . . . . . . . . .  C  ADDR  0013H  NOT USED
F0 . . . . . . . . . . . . . . . . .  B  ADDR  00D5H  NOT USED
FE . . . . . . . . . . . . . . . . .  B  ADDR  009FH  NOT USED
FERTIGCOUNT. . . . . . . . . . . . .  C  ADDR  0181H
FERTIGCOUNTPUNKTE. . . . . . . . . .  C  ADDR  0130H
FERTIGMH . . . . . . . . . . . . . .  C  ADDR  017CH
FERTIGML . . . . . . . . . . . . . .  C  ADDR  0177H
FERTIGSH . . . . . . . . . . . . . .  C  ADDR  0172H
FERTIGSL . . . . . . . . . . . . . .  C  ADDR  016DH
FERTIGTIMER. . . . . . . . . . . . .  C  ADDR  01D1H
IE . . . . . . . . . . . . . . . . .  D  ADDR  00A8H  NOT USED
IE0. . . . . . . . . . . . . . . . .  B  ADDR  0089H  NOT USED
IE1. . . . . . . . . . . . . . . . .  B  ADDR  008BH  NOT USED
INIT . . . . . . . . . . . . . . . .  C  ADDR  0030H
INT0 . . . . . . . . . . . . . . . .  B  ADDR  00B2H  NOT USED
INT1 . . . . . . . . . . . . . . . .  B  ADDR  00B3H  NOT USED
IP . . . . . . . . . . . . . . . . .  D  ADDR  00B8H  NOT USED
IPH. . . . . . . . . . . . . . . . .  D  ADDR  00B7H  NOT USED
IPH0 . . . . . . . . . . . . . . . .  D  ADDR  00B7H  NOT USED
IPH1 . . . . . . . . . . . . . . . .  D  ADDR  00B3H  NOT USED
IPL0 . . . . . . . . . . . . . . . .  D  ADDR  00B8H  NOT USED
IPL1 . . . . . . . . . . . . . . . .  D  ADDR  00B2H  NOT USED
IT0. . . . . . . . . . . . . . . . .  B  ADDR  0088H  NOT USED
IT1. . . . . . . . . . . . . . . . .  B  ADDR  008AH  NOT USED
KBE. . . . . . . . . . . . . . . . .  D  ADDR  009DH  NOT USED
KBF. . . . . . . . . . . . . . . . .  D  ADDR  009EH  NOT USED
KBLS . . . . . . . . . . . . . . . .  D  ADDR  009CH  NOT USED
LOOPALLESEGMENTE . . . . . . . . . .  C  ADDR  019CH
MAIN . . . . . . . . . . . . . . . .  C  ADDR  005EH
MH . . . . . . . . . . . . . . . . .  N  NUMB  0067H
ML . . . . . . . . . . . . . . . . .  N  NUMB  0066H
NOPAUSET . . . . . . . . . . . . . .  C  ADDR  006BH
NOPUNKTELM . . . . . . . . . . . . .  C  ADDR  007AH
NOPUNKTELP . . . . . . . . . . . . .  C  ADDR  0070H
NOPUNKTERM . . . . . . . . . . . . .  C  ADDR  007FH
NOPUNKTERP . . . . . . . . . . . . .  C  ADDR  0075H
NORESETGAME. . . . . . . . . . . . .  C  ADDR  0084H
NOSTARTT . . . . . . . . . . . . . .  C  ADDR  0066H
NOTFERTIG. . . . . . . . . . . . . .  C  ADDR  014CH
NOTPAUSET. . . . . . . . . . . . . .  C  ADDR  0099H
NOTPUNKTELM. . . . . . . . . . . . .  C  ADDR  00C6H
NOTPUNKTELP. . . . . . . . . . . . .  C  ADDR  00A8H
NOTPUNKTERM. . . . . . . . . . . . .  C  ADDR  00D5H
NOTPUNKTERP. . . . . . . . . . . . .  C  ADDR  00B7H
NOTRESETGAME . . . . . . . . . . . .  C  ADDR  0103H
NOTSTARTT. . . . . . . . . . . . . .  C  ADDR  008FH
NUMBERS. . . . . . . . . . . . . . .  C  ADDR  0400H
OSCCON . . . . . . . . . . . . . . .  D  ADDR  0086H  NOT USED
OV . . . . . . . . . . . . . . . . .  B  ADDR  00D2H  NOT USED
P. . . . . . . . . . . . . . . . . .  B  ADDR  00D0H  NOT USED
P0 . . . . . . . . . . . . . . . . .  D  ADDR  0080H
P1 . . . . . . . . . . . . . . . . .  D  ADDR  0090H
P1M1 . . . . . . . . . . . . . . . .  D  ADDR  00D4H  NOT USED
P1M2 . . . . . . . . . . . . . . . .  D  ADDR  00E2H  NOT USED
P2 . . . . . . . . . . . . . . . . .  D  ADDR  00A0H
P3 . . . . . . . . . . . . . . . . .  D  ADDR  00B0H  NOT USED
P3M1 . . . . . . . . . . . . . . . .  D  ADDR  00D5H  NOT USED
P3M2 . . . . . . . . . . . . . . . .  D  ADDR  00E3H  NOT USED
P4 . . . . . . . . . . . . . . . . .  D  ADDR  00C0H  NOT USED
P4M1 . . . . . . . . . . . . . . . .  D  ADDR  00D6H  NOT USED
P4M2 . . . . . . . . . . . . . . . .  D  ADDR  00E4H  NOT USED
P5 . . . . . . . . . . . . . . . . .  D  ADDR  00E8H  NOT USED
PAUSET . . . . . . . . . . . . . . .  N  NUMB  00B1H
PC . . . . . . . . . . . . . . . . .  B  ADDR  00BEH  NOT USED
PCON . . . . . . . . . . . . . . . .  D  ADDR  0087H  NOT USED
PLH. . . . . . . . . . . . . . . . .  N  NUMB  0063H
PLL. . . . . . . . . . . . . . . . .  N  NUMB  0062H
PPCL . . . . . . . . . . . . . . . .  B  ADDR  00BEH  NOT USED
PRH. . . . . . . . . . . . . . . . .  N  NUMB  0061H
PRL. . . . . . . . . . . . . . . . .  N  NUMB  0060H
PS . . . . . . . . . . . . . . . . .  B  ADDR  00BCH  NOT USED
PSL. . . . . . . . . . . . . . . . .  B  ADDR  00BCH  NOT USED
PSW. . . . . . . . . . . . . . . . .  D  ADDR  00D0H  NOT USED
PT0. . . . . . . . . . . . . . . . .  B  ADDR  00B9H  NOT USED
PT0L . . . . . . . . . . . . . . . .  B  ADDR  00B9H  NOT USED
PT1. . . . . . . . . . . . . . . . .  B  ADDR  00BBH  NOT USED
PT1L . . . . . . . . . . . . . . . .  B  ADDR  00BBH  NOT USED
PT2. . . . . . . . . . . . . . . . .  B  ADDR  00BDH  NOT USED
PT2L . . . . . . . . . . . . . . . .  B  ADDR  00BDH  NOT USED
PUNKTELM . . . . . . . . . . . . . .  N  NUMB  00B4H
PUNKTELP . . . . . . . . . . . . . .  N  NUMB  00B2H
PUNKTERM . . . . . . . . . . . . . .  N  NUMB  00B5H
PUNKTERP . . . . . . . . . . . . . .  N  NUMB  00B3H
PX0. . . . . . . . . . . . . . . . .  B  ADDR  00B8H  NOT USED
PX0L . . . . . . . . . . . . . . . .  B  ADDR  00B8H  NOT USED
PX1. . . . . . . . . . . . . . . . .  B  ADDR  00BAH  NOT USED
PX1L . . . . . . . . . . . . . . . .  B  ADDR  00BAH  NOT USED
RB8. . . . . . . . . . . . . . . . .  B  ADDR  009AH  NOT USED
RCAP2H . . . . . . . . . . . . . . .  D  ADDR  00CBH  NOT USED
RCAP2L . . . . . . . . . . . . . . .  D  ADDR  00CAH  NOT USED
RCLK . . . . . . . . . . . . . . . .  B  ADDR  00CDH  NOT USED
RD . . . . . . . . . . . . . . . . .  B  ADDR  00B7H  NOT USED
REN. . . . . . . . . . . . . . . . .  B  ADDR  009CH  NOT USED
RESET. . . . . . . . . . . . . . . .  C  ADDR  0000H  NOT USED
RESETGAME. . . . . . . . . . . . . .  N  NUMB  00B6H
RI . . . . . . . . . . . . . . . . .  B  ADDR  0098H  NOT USED
RS0. . . . . . . . . . . . . . . . .  B  ADDR  00D3H  NOT USED
RS1. . . . . . . . . . . . . . . . .  B  ADDR  00D4H  NOT USED
RUNTERCOUNT. . . . . . . . . . . . .  C  ADDR  0120H
RXD. . . . . . . . . . . . . . . . .  B  ADDR  00B0H  NOT USED
SADDR. . . . . . . . . . . . . . . .  D  ADDR  00A9H  NOT USED
SADDR_0. . . . . . . . . . . . . . .  D  ADDR  00A9H  NOT USED
SADDR_1. . . . . . . . . . . . . . .  D  ADDR  00AAH  NOT USED
SADEN. . . . . . . . . . . . . . . .  D  ADDR  00B9H  NOT USED
SADEN_0. . . . . . . . . . . . . . .  D  ADDR  00B9H  NOT USED
SADEN_1. . . . . . . . . . . . . . .  D  ADDR  00BAH  NOT USED
SBUF . . . . . . . . . . . . . . . .  D  ADDR  0099H  NOT USED
SCON . . . . . . . . . . . . . . . .  D  ADDR  0098H  NOT USED
SH . . . . . . . . . . . . . . . . .  N  NUMB  0065H
SINT . . . . . . . . . . . . . . . .  C  ADDR  0023H  NOT USED
SL . . . . . . . . . . . . . . . . .  N  NUMB  0064H
SM0. . . . . . . . . . . . . . . . .  B  ADDR  009FH  NOT USED
SM1. . . . . . . . . . . . . . . . .  B  ADDR  009EH  NOT USED
SM2. . . . . . . . . . . . . . . . .  B  ADDR  009DH  NOT USED
SP . . . . . . . . . . . . . . . . .  D  ADDR  0081H  NOT USED
SPAUSET. . . . . . . . . . . . . . .  N  NUMB  0079H
SPCON. . . . . . . . . . . . . . . .  D  ADDR  00C3H  NOT USED
SPCR . . . . . . . . . . . . . . . .  D  ADDR  00D5H  NOT USED
SPDAT. . . . . . . . . . . . . . . .  D  ADDR  00C5H  NOT USED
SPDR . . . . . . . . . . . . . . . .  D  ADDR  0086H  NOT USED
SPSR . . . . . . . . . . . . . . . .  D  ADDR  00AAH  NOT USED
SPSTA. . . . . . . . . . . . . . . .  D  ADDR  00C4H  NOT USED
SPUNKTELM. . . . . . . . . . . . . .  N  NUMB  007CH
SPUNKTELP. . . . . . . . . . . . . .  N  NUMB  007AH
SPUNKTERM. . . . . . . . . . . . . .  N  NUMB  007DH
SPUNKTERP. . . . . . . . . . . . . .  N  NUMB  007BH
SRESETGAME . . . . . . . . . . . . .  N  NUMB  007EH
SSTARTT. . . . . . . . . . . . . . .  N  NUMB  0078H
STARTT . . . . . . . . . . . . . . .  N  NUMB  00B0H
T0 . . . . . . . . . . . . . . . . .  B  ADDR  00B4H  NOT USED
T1 . . . . . . . . . . . . . . . . .  B  ADDR  00B5H  NOT USED
T2CON. . . . . . . . . . . . . . . .  D  ADDR  00C8H  NOT USED
T2MOD. . . . . . . . . . . . . . . .  D  ADDR  00C9H  NOT USED
TB8. . . . . . . . . . . . . . . . .  B  ADDR  009BH  NOT USED
TCLK . . . . . . . . . . . . . . . .  B  ADDR  00CCH  NOT USED
TCON . . . . . . . . . . . . . . . .  D  ADDR  0088H  NOT USED
TF0. . . . . . . . . . . . . . . . .  B  ADDR  008DH  NOT USED
TF1. . . . . . . . . . . . . . . . .  B  ADDR  008FH  NOT USED
TF2. . . . . . . . . . . . . . . . .  B  ADDR  00CFH  NOT USED
TH0. . . . . . . . . . . . . . . . .  D  ADDR  008CH
TH1. . . . . . . . . . . . . . . . .  D  ADDR  008DH  NOT USED
TH2. . . . . . . . . . . . . . . . .  D  ADDR  00CDH  NOT USED
TI . . . . . . . . . . . . . . . . .  B  ADDR  0099H  NOT USED
TIMER0 . . . . . . . . . . . . . . .  C  ADDR  000BH  NOT USED
TIMER1 . . . . . . . . . . . . . . .  C  ADDR  001BH  NOT USED
TIMER2 . . . . . . . . . . . . . . .  C  ADDR  002BH  NOT USED
TIMERRUTINE. . . . . . . . . . . . .  C  ADDR  01C5H
TL0. . . . . . . . . . . . . . . . .  D  ADDR  008AH
TL1. . . . . . . . . . . . . . . . .  D  ADDR  008BH  NOT USED
TL2. . . . . . . . . . . . . . . . .  D  ADDR  00CCH  NOT USED
TMOD . . . . . . . . . . . . . . . .  D  ADDR  0089H
TR0. . . . . . . . . . . . . . . . .  B  ADDR  008CH
TR1. . . . . . . . . . . . . . . . .  B  ADDR  008EH  NOT USED
TR2. . . . . . . . . . . . . . . . .  B  ADDR  00CAH  NOT USED
TXD. . . . . . . . . . . . . . . . .  B  ADDR  00B1H  NOT USED
WDTCON . . . . . . . . . . . . . . .  D  ADDR  00A7H  NOT USED
WDTPRG . . . . . . . . . . . . . . .  D  ADDR  00A7H  NOT USED
WDTRST . . . . . . . . . . . . . . .  D  ADDR  00A6H  NOT USED
WR . . . . . . . . . . . . . . . . .  B  ADDR  00B6H  NOT USED
ZEIGEALLESEMENTE . . . . . . . . . .  C  ADDR  0182H